{"products":[{"id":6267654,"name":"Auto Omega","attributes":[{"name":"Color","value":"Black"},{"name":"Color","value":"White"},{"name":"Category","value":"Cars"}]},{"id":8094994,"name":"Bike Alef","attributes":[{"name":"Color","value":"Black"},{"name":"Color","value":"White"},{"name":"Category","value":"Bikes"}]},{"id":2846132,"name":"Bike Bet","attributes":[{"name":"Color","value":"Blue"},{"name":"Category","value":"Bikes > Electric bikes"},{"name":"Category","value":"Bikes > BMX"}]},{"id":2169396,"name":"Auto Alpha","attributes":[{"name":"Color","value":"Green"},{"name":"Color","value":"Blue"},{"name":"Category","value":"Cars > Hybrids"}]},{"id":2749899,"name":"Auto Delta","attributes":[{"name":"Color","value":"Red"},{"name":"Category","value":"Cars > Hybrids"}]}],"page":1,"totalPages":2}